
> @equivalentes/api@0.1.0 build C:\Users\ale_o\exchange_calculator\apps\api
> corepack pnpm --filter @equivalentes/shared build && prisma generate --schema prisma/schema.prisma && tsc -p tsconfig.json


> @equivalentes/shared@0.1.0 build C:\Users\ale_o\exchange_calculator\packages\shared
> tsup src/index.ts --format esm,cjs --dts --clean

[34mCLI[39m Building entry: src/index.ts
[34mCLI[39m Using tsconfig: tsconfig.json
[34mCLI[39m tsup v8.5.1
[34mCLI[39m Target: es2022
[34mCLI[39m Cleaning output folder
[34mESM[39m Build start
[34mCJS[39m Build start
[32mCJS[39m [1mdist\index.cjs [22m[32m37.12 KB[39m
[32mCJS[39m ÔÜí´©Å Build success in 44ms
[32mESM[39m [1mdist\index.js [22m[32m34.51 KB[39m
[32mESM[39m ÔÜí´©Å Build success in 44ms
[34mDTS[39m Build start
[32mDTS[39m ÔÜí´©Å Build success in 1612ms
[32mDTS[39m [1mdist\index.d.ts  [22m[32m21.97 KB[39m
[32mDTS[39m [1mdist\index.d.cts [22m[32m21.97 KB[39m
corepack : Environment variables loaded from .env
En línea: 1 Carácter: 1
+ corepack pnpm --filter @equivalentes/api build > build_output.txt 2>& ...
+ ~~~~~~~~~~~~~~~~~~~~~~~~~~~~~~~~~~~~~~~~~~~~~~~~~~~~~~~~~~~~~~~~~~~~~
    + CategoryInfo          : NotSpecified: (Environment variables loaded from .en 
   v:String) [], RemoteException
    + FullyQualifiedErrorId : NativeCommandError
 
Prisma schema loaded from prisma\schema.prisma

Ô£ö Generated Prisma Client (v6.19.2) to .\..\..\node_modules\.pnpm\@prisma+client@6.19.2_prisma@6.19.2_typescript@5.9.3__typescript@5.9.3\node_modules\@prisma\client in 120ms

Start by importing your Prisma Client (See: https://pris.ly/d/importing-client)

Tip: Want to turn off tips and other hints? https://pris.ly/tip-4-nohints

